
Назиля@DESKTOP-O12C6E6 MINGW64 ~
$ git --vrsion
unknown option: --vrsion
usage: git [-v | --version] [-h | --help] [-C <path>] [-c <name>=<value>]
           [--exec-path[=<path>]] [--html-path] [--man-path] [--info-path]
           [-p | --paginate | -P | --no-pager] [--no-replace-objects] [--bare]
           [--git-dir=<path>] [--work-tree=<path>] [--namespace=<name>]
           [--config-env=<name>=<envvar>] <command> [<args>]

Назиля@DESKTOP-O12C6E6 MINGW64 ~
$ git --version
git version 2.40.1.windows.1

Назиля@DESKTOP-O12C6E6 MINGW64 ~
$ ssh-keygen -t ed25519 -C "nazilazagirovna@gmail.com"
Generating public/private ed25519 key pair.
Enter file in which to save the key (/c/Users/Назиля/.ssh/id_ed25519):
Created directory '/c/Users/\320\235\320\260\320\267\320\270\320\273\321\217/.ssh'.
Enter passphrase (empty for no passphrase):
Enter same passphrase again:
Your identification has been saved in /c/Users/Назиля/.ssh/id_ed25519
Your public key has been saved in /c/Users/Назиля/.ssh/id_ed25519.pub
The key fingerprint is:
SHA256:4b6k1BMnByoBnDevxrrZzIxeGwj0LcaJIRRvARFCDgs nazilazagirovna@gmail.com
The key's randomart image is:
+--[ED25519 256]--+
|EO*o             |
|*.+.+            |
|o+ +.o  o        |
|o * o..o o       |
|.. B.o. S o      |
| ...=. o =       |
|  .oo . =        |
|  .O + o o       |
| .=.* . .        |
+----[SHA256]-----+

Назиля@DESKTOP-O12C6E6 MINGW64 ~
$ eval "$(ssh-agent -s)"
Agent pid 1286

Назиля@DESKTOP-O12C6E6 MINGW64 ~
$ ssh-add ~/.ssh/id_ed25519
Identity added: /c/Users/Назиля/.ssh/id_ed25519 (nazilazagirovna@gmail.com)

Назиля@DESKTOP-O12C6E6 MINGW64 ~
$ cat ~/.ssh/id_ed25519.pub
ssh-ed25519 AAAAC3NzaC1lZDI1NTE5AAAAIPwaHYHyKYMuzDm/Rji3x4s3nfiWNLebX/ewKVXsiZIC nazilazagirovna@gmail.com

Назиля@DESKTOP-O12C6E6 MINGW64 ~
$ mkdir testik

Назиля@DESKTOP-O12C6E6 MINGW64 ~
$ cd testik

Назиля@DESKTOP-O12C6E6 MINGW64 ~/testik
$ git init
Initialized empty Git repository in C:/Users/Назиля/testik/.git/

Назиля@DESKTOP-O12C6E6 MINGW64 ~/testik (master)
$ git status
On branch master

No commits yet

nothing to commit (create/copy files and use "git add" to track)

Назиля@DESKTOP-O12C6E6 MINGW64 ~/testik (master)
$ echo 'Privet'> readme.md

Назиля@DESKTOP-O12C6E6 MINGW64 ~/testik (master)
$ git status
On branch master

No commits yet

Untracked files:
  (use "git add <file>..." to include in what will be committed)
        readme.md

nothing added to commit but untracked files present (use "git add" to track)

Назиля@DESKTOP-O12C6E6 MINGW64 ~/testik (master)
$ git add readme.md
warning: in the working copy of 'readme.md', LF will be replaced by CRLF the next time Git touches it

Назиля@DESKTOP-O12C6E6 MINGW64 ~/testik (master)
$ git status
On branch master

No commits yet

Changes to be committed:
  (use "git rm --cached <file>..." to unstage)
        new file:   readme.md


Назиля@DESKTOP-O12C6E6 MINGW64 ~/testik (master)
$ git commit -m 'add file readme'
[master (root-commit) a8b5727] add file readme
 1 file changed, 1 insertion(+)
 create mode 100644 readme.md

Назиля@DESKTOP-O12C6E6 MINGW64 ~/testik (master)
$ git status
On branch master
nothing to commit, working tree clean

Назиля@DESKTOP-O12C6E6 MINGW64 ~/testik (master)
$ git remote add origin git@github.com:nazilya1/testik.git

Назиля@DESKTOP-O12C6E6 MINGW64 ~/testik (master)
$ git branch -M main

Назиля@DESKTOP-O12C6E6 MINGW64 ~/testik (main)
$ git push -u origin main
The authenticity of host 'github.com (140.82.121.4)' can't be established.
ED25519 key fingerprint is SHA256:+DiY3wvvV6TuJJhbpZisF/zLDA0zPMSvHdkr4UvCOqU.
This key is not known by any other names.
Are you sure you want to continue connecting (yes/no/[fingerprint])?
Host key verification failed.
fatal: Could not read from remote repository.

Please make sure you have the correct access rights
and the repository exists.

Назиля@DESKTOP-O12C6E6 MINGW64 ~/testik (main)
$ git remote add origin git@github.com:nazilya1/testik1.git
error: remote origin already exists.

Назиля@DESKTOP-O12C6E6 MINGW64 ~/testik (main)
$  git branch -M main

Назиля@DESKTOP-O12C6E6 MINGW64 ~/testik (main)
$ git push -u origin main
The authenticity of host 'github.com (140.82.121.3)' can't be established.
ED25519 key fingerprint is SHA256:+DiY3wvvV6TuJJhbpZisF/zLDA0zPMSvHdkr4UvCOqU.
This key is not known by any other names.
Are you sure you want to continue connecting (yes/no/[fingerprint])?
Host key verification failed.
fatal: Could not read from remote repository.

Please make sure you have the correct access rights
and the repository exists.

Назиля@DESKTOP-O12C6E6 MINGW64 ~/testik (main)
$ git remote add origin git@github.com:nazilya1/testik.git
error: remote origin already exists.

Назиля@DESKTOP-O12C6E6 MINGW64 ~/testik (main)
$ git branch -M main

Назиля@DESKTOP-O12C6E6 MINGW64 ~/testik (main)
$ git push -u origin main
The authenticity of host 'github.com (140.82.121.3)' can't be established.
ED25519 key fingerprint is SHA256:+DiY3wvvV6TuJJhbpZisF/zLDA0zPMSvHdkr4UvCOqU.
This key is not known by any other names.
Are you sure you want to continue connecting (yes/no/[fingerprint])?
Host key verification failed.
fatal: Could not read from remote repository.

Please make sure you have the correct access rights
and the repository exists.

Назиля@DESKTOP-O12C6E6 MINGW64 ~/testik (main)
$ git remote add origin git@github.com:nazilya1/testik1.git
error: remote origin already exists.

Назиля@DESKTOP-O12C6E6 MINGW64 ~/testik (main)
$ git branch -M main

Назиля@DESKTOP-O12C6E6 MINGW64 ~/testik (main)
$ git push -u origin main
The authenticity of host 'github.com (140.82.121.4)' can't be established.
ED25519 key fingerprint is SHA256:+DiY3wvvV6TuJJhbpZisF/zLDA0zPMSvHdkr4UvCOqU.
This key is not known by any other names.
Are you sure you want to continue connecting (yes/no/[fingerprint])?
Host key verification failed.
fatal: Could not read from remote repository.

Please make sure you have the correct access rights
and the repository exists.

Назиля@DESKTOP-O12C6E6 MINGW64 ~/testik (main)
$ git remote add origin git@github.com:nazilya1/testik2.git
error: remote origin already exists.

Назиля@DESKTOP-O12C6E6 MINGW64 ~/testik (main)
$ git branch -M main

Назиля@DESKTOP-O12C6E6 MINGW64 ~/testik (main)
$ git push -u origin main
The authenticity of host 'github.com (140.82.121.4)' can't be established.
ED25519 key fingerprint is SHA256:+DiY3wvvV6TuJJhbpZisF/zLDA0zPMSvHdkr4UvCOqU.
This key is not known by any other names.
Are you sure you want to continue connecting (yes/no/[fingerprint])?

Please type 'yes', 'no' or the fingerprint:
Host key verification failed.
fatal: Could not read from remote repository.

Please make sure you have the correct access rights
and the repository exists.

Назиля@DESKTOP-O12C6E6 MINGW64 ~/testik (main)
$ git commit -m 'add file readme'
On branch main
nothing to commit, working tree clean

Назиля@DESKTOP-O12C6E6 MINGW64 ~/testik (main)
$ git status
On branch main
nothing to commit, working tree clean

Назиля@DESKTOP-O12C6E6 MINGW64 ~/testik (main)
$ git remote add origin git@github.com:nazilya1/testik2.git
error: remote origin already exists.

Назиля@DESKTOP-O12C6E6 MINGW64 ~/testik (main)
$ git branch -M main

Назиля@DESKTOP-O12C6E6 MINGW64 ~/testik (main)
$ git push -u origin main
The authenticity of host 'github.com (140.82.121.3)' can't be established.
ED25519 key fingerprint is SHA256:+DiY3wvvV6TuJJhbpZisF/zLDA0zPMSvHdkr4UvCOqU.
This key is not known by any other names.
Are you sure you want to continue connecting (yes/no/[fingerprint])? yes
Warning: Permanently added 'github.com' (ED25519) to the list of known hosts.
ERROR: Repository not found.
fatal: Could not read from remote repository.

Please make sure you have the correct access rights
and the repository exists.

Назиля@DESKTOP-O12C6E6 MINGW64 ~/testik (main)
$ git remote add origin git@github.com:nazilya1/testik2.git
error: remote origin already exists.

Назиля@DESKTOP-O12C6E6 MINGW64 ~/testik (main)
$ git branch -M main

Назиля@DESKTOP-O12C6E6 MINGW64 ~/testik (main)
$ git push -u origin main
ERROR: Repository not found.
fatal: Could not read from remote repository.

Please make sure you have the correct access rights
and the repository exists.

Назиля@DESKTOP-O12C6E6 MINGW64 ~/testik (main)
$ git remote add origin git@github.com:nazilya1/testik.git
error: remote origin already exists.

Назиля@DESKTOP-O12C6E6 MINGW64 ~/testik (main)
$ git remote -v
origin  git@github.com:nazilya1/testik.git (fetch)
origin  git@github.com:nazilya1/testik.git (push)

Назиля@DESKTOP-O12C6E6 MINGW64 ~/testik (main)
$ git push origin
fatal: The current branch main has no upstream branch.
To push the current branch and set the remote as upstream, use

    git push --set-upstream origin main

To have this happen automatically for branches without a tracking
upstream, see 'push.autoSetupRemote' in 'git help config'.


Назиля@DESKTOP-O12C6E6 MINGW64 ~/testik (main)
$ git push --set-upstream origin main
Enumerating objects: 3, done.
Counting objects: 100% (3/3), done.
Writing objects: 100% (3/3), 223 bytes | 223.00 KiB/s, done.
Total 3 (delta 0), reused 0 (delta 0), pack-reused 0
To github.com:nazilya1/testik.git
 * [new branch]      main -> main
branch 'main' set up to track 'origin/main'.

Назиля@DESKTOP-O12C6E6 MINGW64 ~/testik (main)
$

Назиля@DESKTOP-O12C6E6 MINGW64 ~/testik (main)
$

Назиля@DESKTOP-O12C6E6 MINGW64 ~/testik (main)
$

Назиля@DESKTOP-O12C6E6 MINGW64 ~/testik (main)
$

Назиля@DESKTOP-O12C6E6 MINGW64 ~/testik (main)
$

Назиля@DESKTOP-O12C6E6 MINGW64 ~/testik (main)
$

Назиля@DESKTOP-O12C6E6 MINGW64 ~/testik (main)
$ git status
On branch main
Your branch is up to date with 'origin/main'.

Untracked files:
  (use "git add <file>..." to include in what will be committed)
        "\320\223\320\273\320\260\320\262\320\275\320\260\321\217 \321\201\321\202\321\200\320\260\320\275\320\270\321\206\320\260 \321\201\320\260\320\271\321\202\320\260.xmind"
        "\320\232\320\260\321\200\320\260\320\275\320\264\320\260\321\2102.xmind"
        "\320\232\320\260\321\200\320\260\320\275\320\264\320\260\321\2103.xmind"

nothing added to commit but untracked files present (use "git add" to track)

Назиля@DESKTOP-O12C6E6 MINGW64 ~/testik (main)
$ git add .

Назиля@DESKTOP-O12C6E6 MINGW64 ~/testik (main)
$ git status
On branch main
Your branch is up to date with 'origin/main'.

Changes to be committed:
  (use "git restore --staged <file>..." to unstage)
        new file:   "\320\223\320\273\320\260\320\262\320\275\320\260\321\217 \321\201\321\202\321\200\320\260\320\275\320\270\321\206\320\260 \321\201\320\260\320\271\321\202\320\260.xmind"
        new file:   "\320\232\320\260\321\200\320\260\320\275\320\264\320\260\321\2102.xmind"
        new file:   "\320\232\320\260\321\200\320\260\320\275\320\264\320\260\321\2103.xmind"


Назиля@DESKTOP-O12C6E6 MINGW64 ~/testik (main)
$ git commit -m 'add xmind'
[main 3677187] add xmind
 3 files changed, 0 insertions(+), 0 deletions(-)
 create mode 100644 "\320\223\320\273\320\260\320\262\320\275\320\260\321\217 \321\201\321\202\321\200\320\260\320\275\320\270\321\206\320\260 \321\201\320\260\320\271\321\202\320\260.xmind"
 create mode 100644 "\320\232\320\260\321\200\320\260\320\275\320\264\320\260\321\2102.xmind"
 create mode 100644 "\320\232\320\260\321\200\320\260\320\275\320\264\320\260\321\2103.xmind"

Назиля@DESKTOP-O12C6E6 MINGW64 ~/testik (main)
$ git remote add origin git@github.com:nazilya1/testik.git
error: remote origin already exists.

Назиля@DESKTOP-O12C6E6 MINGW64 ~/testik (main)
$ git push --set-upstream origin main
Enumerating objects: 6, done.
Counting objects: 100% (6/6), done.
Delta compression using up to 12 threads
Compressing objects: 100% (5/5), done.
Writing objects: 100% (5/5), 485.89 KiB | 2.93 MiB/s, done.
Total 5 (delta 0), reused 0 (delta 0), pack-reused 0
To github.com:nazilya1/testik.git
   a8b5727..3677187  main -> main
branch 'main' set up to track 'origin/main'.

Назиля@DESKTOP-O12C6E6 MINGW64 ~/testik (main)
$
















































































































